2026-09-10 15:20:43 Log wrapper init() ./logs/CandleWorker_GBP_JPY.log
2026-09-10 15:20:43 Created CandleWorker for GBP_JPY {'n_ma': 20, 'n_std': 2.0, 'maxspread': 0.04, 'mingain': 0.14, 'riskreward': 1.5, 'pair': 'GBP_JPY'}
2026-09-10 16:00:01 process_candles:
       PAIR                      time    mid_c    mid_o   SL   TP  SPREAD      GAIN     LOSS  SIGNAL
44  GBP_JPY 2026-09-10 15:00:00+00:00  208.465  208.221  0.0  0.0   0.032  0.297850  208.465       0
45  GBP_JPY 2026-09-10 16:00:00+00:00  208.638  208.466  0.0  0.0   0.035  0.442000  208.638       0
46  GBP_JPY 2026-09-10 17:00:00+00:00  208.572  208.638  0.0  0.0   0.033  0.347683  208.572       0
47  GBP_JPY 2026-09-10 18:00:00+00:00  208.539  208.570  0.0  0.0   0.034  0.280683  208.539       0
48  GBP_JPY 2026-09-10 19:00:00+00:00  208.510  208.541  0.0  0.0   0.027  0.224650  208.510       0
2026-09-10 17:04:55 process_candles:
       PAIR                      time    mid_c    mid_o   SL   TP  SPREAD      GAIN     LOSS  SIGNAL
44  GBP_JPY 2026-09-10 16:00:00+00:00  208.638  208.466  0.0  0.0   0.035  0.442000  208.638       0
45  GBP_JPY 2026-09-10 17:00:00+00:00  208.572  208.638  0.0  0.0   0.033  0.347683  208.572       0
46  GBP_JPY 2026-09-10 18:00:00+00:00  208.539  208.570  0.0  0.0   0.034  0.280683  208.539       0
47  GBP_JPY 2026-09-10 19:00:00+00:00  208.510  208.541  0.0  0.0   0.027  0.224650  208.510       0
48  GBP_JPY 2026-09-10 20:00:00+00:00  208.686  208.512  0.0  0.0   0.123  0.375133  208.686       0
2026-09-10 18:00:00 process_candles:
       PAIR                      time    mid_c    mid_o   SL   TP  SPREAD      GAIN     LOSS  SIGNAL
45  GBP_JPY 2026-09-10 17:00:00+00:00  208.572  208.638  0.0  0.0   0.033  0.347683  208.572       0
46  GBP_JPY 2026-09-10 18:00:00+00:00  208.539  208.570  0.0  0.0   0.034  0.280683  208.539       0
47  GBP_JPY 2026-09-10 19:00:00+00:00  208.510  208.541  0.0  0.0   0.027  0.224650  208.510       0
48  GBP_JPY 2026-09-10 20:00:00+00:00  208.686  208.512  0.0  0.0   0.123  0.375133  208.686       0
49  GBP_JPY 2026-09-10 21:00:00+00:00  208.564  208.670  0.0  0.0   0.353  0.229333  208.564       0
2026-09-10 19:00:02 process_candles:
       PAIR                      time    mid_c    mid_o   SL   TP  SPREAD      GAIN     LOSS  SIGNAL
44  GBP_JPY 2026-09-10 18:00:00+00:00  208.539  208.570  0.0  0.0   0.034  0.280683  208.539       0
45  GBP_JPY 2026-09-10 19:00:00+00:00  208.510  208.541  0.0  0.0   0.027  0.224650  208.510       0
46  GBP_JPY 2026-09-10 20:00:00+00:00  208.686  208.512  0.0  0.0   0.123  0.375133  208.686       0
47  GBP_JPY 2026-09-10 21:00:00+00:00  208.564  208.670  0.0  0.0   0.353  0.229333  208.564       0
48  GBP_JPY 2026-09-10 22:00:00+00:00  208.594  208.598  0.0  0.0   0.036  0.227100  208.594       0
2026-09-10 20:00:02 process_candles:
       PAIR                      time    mid_c    mid_o   SL   TP  SPREAD      GAIN     LOSS  SIGNAL
44  GBP_JPY 2026-09-10 19:00:00+00:00  208.510  208.541  0.0  0.0   0.027  0.224650  208.510       0
45  GBP_JPY 2026-09-10 20:00:00+00:00  208.686  208.512  0.0  0.0   0.123  0.375133  208.686       0
46  GBP_JPY 2026-09-10 21:00:00+00:00  208.564  208.670  0.0  0.0   0.353  0.229333  208.564       0
47  GBP_JPY 2026-09-10 22:00:00+00:00  208.594  208.598  0.0  0.0   0.036  0.227100  208.594       0
48  GBP_JPY 2026-09-10 23:00:00+00:00  208.688  208.594  0.0  0.0   0.041  0.283667  208.688       0
2026-09-10 21:00:03 process_candles:
       PAIR                      time    mid_c    mid_o   SL   TP  SPREAD      GAIN     LOSS  SIGNAL
44  GBP_JPY 2026-09-10 20:00:00+00:00  208.686  208.512  0.0  0.0   0.123  0.375133  208.686       0
45  GBP_JPY 2026-09-10 21:00:00+00:00  208.564  208.670  0.0  0.0   0.353  0.229333  208.564       0
46  GBP_JPY 2026-09-10 22:00:00+00:00  208.594  208.598  0.0  0.0   0.036  0.227100  208.594       0
47  GBP_JPY 2026-09-10 23:00:00+00:00  208.688  208.594  0.0  0.0   0.041  0.283667  208.688       0
48  GBP_JPY 2026-09-11 00:00:00+00:00  208.820  208.689  0.0  0.0   0.032  0.375233  208.820       0
2026-09-10 22:00:01 process_candles:
       PAIR                      time    mid_c    mid_o   SL   TP  SPREAD      GAIN     LOSS  SIGNAL
44  GBP_JPY 2026-09-10 21:00:00+00:00  208.564  208.670  0.0  0.0   0.353  0.229333  208.564       0
45  GBP_JPY 2026-09-10 22:00:00+00:00  208.594  208.598  0.0  0.0   0.036  0.227100  208.594       0
46  GBP_JPY 2026-09-10 23:00:00+00:00  208.688  208.594  0.0  0.0   0.041  0.283667  208.688       0
47  GBP_JPY 2026-09-11 00:00:00+00:00  208.820  208.689  0.0  0.0   0.032  0.375233  208.820       0
48  GBP_JPY 2026-09-11 01:00:00+00:00  208.510  208.815  0.0  0.0   0.037  0.044333  208.510       0
2026-09-10 23:00:01 process_candles:
       PAIR                      time    mid_c    mid_o   SL   TP  SPREAD      GAIN     LOSS  SIGNAL
44  GBP_JPY 2026-09-10 22:00:00+00:00  208.594  208.598  0.0  0.0   0.036  0.227100  208.594       0
45  GBP_JPY 2026-09-10 23:00:00+00:00  208.688  208.594  0.0  0.0   0.041  0.283667  208.688       0
46  GBP_JPY 2026-09-11 00:00:00+00:00  208.820  208.689  0.0  0.0   0.032  0.375233  208.820       0
47  GBP_JPY 2026-09-11 01:00:00+00:00  208.510  208.815  0.0  0.0   0.037  0.044333  208.510       0
48  GBP_JPY 2026-09-11 02:00:00+00:00  208.480  208.508  0.0  0.0   0.035  0.007883  208.480       0
2026-09-11 00:00:02 process_candles:
       PAIR                      time    mid_c    mid_o   SL   TP  SPREAD      GAIN     LOSS  SIGNAL
44  GBP_JPY 2026-09-10 23:00:00+00:00  208.688  208.594  0.0  0.0   0.041  0.283667  208.688       0
45  GBP_JPY 2026-09-11 00:00:00+00:00  208.820  208.689  0.0  0.0   0.032  0.375233  208.820       0
46  GBP_JPY 2026-09-11 01:00:00+00:00  208.510  208.815  0.0  0.0   0.037  0.044333  208.510       0
47  GBP_JPY 2026-09-11 02:00:00+00:00  208.480  208.508  0.0  0.0   0.035  0.007883  208.480       0
48  GBP_JPY 2026-09-11 03:00:00+00:00  208.437  208.480  0.0  0.0   0.038  0.075533  208.437       0
2026-09-11 01:00:03 process_candles:
       PAIR                      time    mid_c    mid_o   SL   TP  SPREAD      GAIN     LOSS  SIGNAL
44  GBP_JPY 2026-09-11 00:00:00+00:00  208.820  208.689  0.0  0.0   0.032  0.375233  208.820       0
45  GBP_JPY 2026-09-11 01:00:00+00:00  208.510  208.815  0.0  0.0   0.037  0.044333  208.510       0
46  GBP_JPY 2026-09-11 02:00:00+00:00  208.480  208.508  0.0  0.0   0.035  0.007883  208.480       0
47  GBP_JPY 2026-09-11 03:00:00+00:00  208.437  208.480  0.0  0.0   0.038  0.075533  208.437       0
48  GBP_JPY 2026-09-11 04:00:00+00:00  208.415  208.438  0.0  0.0   0.040  0.110717  208.415       0
2026-09-11 02:00:01 process_candles:
       PAIR                      time    mid_c    mid_o   SL   TP  SPREAD      GAIN     LOSS  SIGNAL
44  GBP_JPY 2026-09-11 01:00:00+00:00  208.510  208.815  0.0  0.0   0.037  0.044333  208.510       0
45  GBP_JPY 2026-09-11 02:00:00+00:00  208.480  208.508  0.0  0.0   0.035  0.007883  208.480       0
46  GBP_JPY 2026-09-11 03:00:00+00:00  208.437  208.480  0.0  0.0   0.038  0.075533  208.437       0
47  GBP_JPY 2026-09-11 04:00:00+00:00  208.415  208.438  0.0  0.0   0.040  0.110717  208.415       0
48  GBP_JPY 2026-09-11 05:00:00+00:00  208.151  208.414  0.0  0.0   0.056  0.373883  208.151       0
2026-09-11 03:00:02 process_candles:
       PAIR                      time    mid_c    mid_o   SL   TP  SPREAD      GAIN     LOSS  SIGNAL
44  GBP_JPY 2026-09-11 02:00:00+00:00  208.480  208.508  0.0  0.0   0.035  0.007883  208.480       0
45  GBP_JPY 2026-09-11 03:00:00+00:00  208.437  208.480  0.0  0.0   0.038  0.075533  208.437       0
46  GBP_JPY 2026-09-11 04:00:00+00:00  208.415  208.438  0.0  0.0   0.040  0.110717  208.415       0
47  GBP_JPY 2026-09-11 05:00:00+00:00  208.151  208.414  0.0  0.0   0.056  0.373883  208.151       0
48  GBP_JPY 2026-09-11 06:00:00+00:00  208.520  208.160  0.0  0.0   0.035  0.000400  208.520       0
