2026-09-02 03:31:19 Log wrapper init() ./logs/PriceStreamer.log
2026-09-02 03:31:29 
2026-09-02 03:31:29 
  instrument                             time        ask        bid
0    GBP_CHF 2026-09-02 07:31:27.619139+00:00    1.09859    1.09820
1    EUR_USD 2026-09-02 07:31:27.036118+00:00    1.15761    1.15747
2    GBP_JPY 2026-09-02 07:31:28.192649+00:00  215.59000  215.55600
3    GBP_USD 2026-09-02 07:31:27.792004+00:00    1.35089    1.35068
4    EUR_GBP 2026-09-02 07:31:27.650405+00:00    0.85702    0.85688
2026-09-02 03:31:49 
2026-09-02 03:31:49 
  instrument                             time        ask        bid
0    GBP_CHF 2026-09-02 07:31:47.066113+00:00    1.09854    1.09815
1    EUR_USD 2026-09-02 07:31:48.181725+00:00    1.15764    1.15748
2    GBP_JPY 2026-09-02 07:31:47.997789+00:00  215.60200  215.56900
3    GBP_USD 2026-09-02 07:31:47.062433+00:00    1.35090    1.35071
4    EUR_GBP 2026-09-02 07:31:44.969941+00:00    0.85702    0.85688
2026-09-02 03:32:09 
2026-09-02 03:32:09 
  instrument                             time        ask        bid
0    GBP_CHF 2026-09-02 07:32:07.158963+00:00    1.09853    1.09813
1    EUR_USD 2026-09-02 07:32:05.251175+00:00    1.15769    1.15754
2    GBP_JPY 2026-09-02 07:32:08.173876+00:00  215.61900  215.58500
3    GBP_USD 2026-09-02 07:32:08.421615+00:00    1.35101    1.35082
4    EUR_GBP 2026-09-02 07:32:06.258018+00:00    0.85700    0.85687
2026-09-02 03:32:29 
2026-09-02 03:32:29 
  instrument                             time        ask        bid
0    GBP_CHF 2026-09-02 07:32:28.321862+00:00    1.09836    1.09798
1    EUR_USD 2026-09-02 07:32:28.612835+00:00    1.15775    1.15759
2    GBP_JPY 2026-09-02 07:32:28.119356+00:00  215.61800  215.58600
3    GBP_USD 2026-09-02 07:32:26.360230+00:00    1.35101    1.35081
4    EUR_GBP 2026-09-02 07:32:24.910253+00:00    0.85703    0.85690
2026-09-02 03:32:49 
2026-09-02 03:32:49 
  instrument                             time        ask        bid
0    GBP_CHF 2026-09-02 07:32:46.346178+00:00    1.09839    1.09799
1    EUR_USD 2026-09-02 07:32:44.897710+00:00    1.15776    1.15759
2    GBP_JPY 2026-09-02 07:32:48.367540+00:00  215.61100  215.57700
3    GBP_USD 2026-09-02 07:32:48.522579+00:00    1.35100    1.35081
4    EUR_GBP 2026-09-02 07:32:41.374188+00:00    0.85704    0.85690
